// Vitest Snapshot v1, https://vitest.dev/guide/snapshot.html

exports[`test-vue-1 > test-vue-1.vue 1`] = `
"<script setup lang="ts">
// 这里可以添加你的逻辑
const newsList = [
  { title: '公司新闻1', link: '#' },
  { title: '公司新闻2', link: '#' },
  { title: '公司新闻3', link: '#' },
]
</script>
<template>
  <div class="portal-container font-['Segoe_UI',_Arial,_sans-serif] bg-[#f5f6fa] min-h-100vh flex flex-col">
    <header class="portal-header bg-[#2d8cf0] text-[#fff] pt-24px pb-16px pl0 pr0 text-center">
      <h1>门户网站</h1>
      <nav class="mt-12px">
        <a class="text-[#fff] mx-16px my0 decoration-none font-medium transition-text-decoration transition-duration-0.2s hover-decoration-underline" href="#">首页</a>
        <a class="text-[#fff] mx-16px my0 decoration-none font-medium transition-text-decoration transition-duration-0.2s hover-decoration-underline" href="#">新闻</a>
        <a class="text-[#fff] mx-16px my0 decoration-none font-medium transition-text-decoration transition-duration-0.2s hover-decoration-underline" href="#">关于我们</a>
        <a class="text-[#fff] mx-16px my0 decoration-none font-medium transition-text-decoration transition-duration-0.2s hover-decoration-underline" href="#">联系我们</a>
      </nav>
    </header>
    <main class="portal-main flex-1 max-w-900px mt-32px mb0 ml-auto mr-auto px-16px py0">
      <section class="banner bg-[#fff] rounded-8px px-24px py-32px shadow-[0_2px_8px_rgba(0,0,0,0.04)] text-center mb-32px">
        <h2>欢迎来到我们的门户网站</h2>
        <p>这里是企业、学校或组织的门户首页。</p>
      </section>
      <section class="news bg-[#fff] rounded-8px px-20px py-24px shadow-[0_2px_8px_rgba(0,0,0,0.04)]">
        <h3 class="mb-16px">最新新闻</h3>
        <ul class="list-none p0 m0">
          <li class="mb-10px" v-for="item in newsList" :key="item.title">
            <a class="text-[#2d8cf0] decoration-none transition-text-decoration transition-duration-0.2s hover-decoration-underline" :href="item.link">{{ item.title }}</a>
          </li>
        </ul>
      </section>
    </main>
    <footer class="portal-footer bg-[#222] text-[#fff] text-center px0 py-16px text-14px mt-40px">
      &copy; 2025 门户网站. 保留所有权利.
    </footer>
  </div>
</template>
<style scoped></style>
"
`;

exports[`test-vue-2 > test-vue-2.vue 1`] = `
"<script setup lang="ts">
// 这里可以添加你的逻辑
</script>
<template>
<p class="font-bold">Track &amp; field champions:</p>
<ul>
  <li>Adhemar da Silva</li>
  <li>Wang Junxia</li>
  <li>Wilma Rudolph</li>
  <li>Babe Didrikson-Zaharias</li>
  <li>Betty Cuthbert</li>
  <li>Fanny Blankers-Koen</li>
  <li>Florence Griffith-Joyner</li>
  <li>Irena Szewinska</li>
  <li>Jackie Joyner-Kersee</li>
  <li>Shirley Strickland</li>
  <li>Carl Lewis</li>
  <li>Emil Zatopek</li>
  <li>Haile Gebrselassie</li>
  <li>Jesse Owens</li>
  <li>Jim Thorpe</li>
  <li>Paavo Nurmi</li>
  <li>Sergei Bubka</li>
  <li class="[&:last-child]:hover-border-2px [&:last-child]:hover-border-solid [&:last-child]:hover-border-orange">Usain Bolt</li>
</ul>
</template>
<style scoped></style>
"
`;
